Archive member included to satisfy reference by file (symbol)

c:/program files (x86)/atmel/studio/7.0/toolchain/avr8/avr8-gnu-toolchain/bin/../lib/gcc/avr/5.4.0/../../../../avr/lib/avr5\libm.a(addsf3.o)
                              IR_NEC.o (__addsf3)
c:/program files (x86)/atmel/studio/7.0/toolchain/avr8/avr8-gnu-toolchain/bin/../lib/gcc/avr/5.4.0/../../../../avr/lib/avr5\libm.a(addsf3x.o)
                              c:/program files (x86)/atmel/studio/7.0/toolchain/avr8/avr8-gnu-toolchain/bin/../lib/gcc/avr/5.4.0/../../../../avr/lib/avr5\libm.a(addsf3.o) (__addsf3x)
c:/program files (x86)/atmel/studio/7.0/toolchain/avr8/avr8-gnu-toolchain/bin/../lib/gcc/avr/5.4.0/../../../../avr/lib/avr5\libm.a(divsf3.o)
                              IR_NEC.o (__divsf3)
c:/program files (x86)/atmel/studio/7.0/toolchain/avr8/avr8-gnu-toolchain/bin/../lib/gcc/avr/5.4.0/../../../../avr/lib/avr5\libm.a(divsf3x.o)
                              c:/program files (x86)/atmel/studio/7.0/toolchain/avr8/avr8-gnu-toolchain/bin/../lib/gcc/avr/5.4.0/../../../../avr/lib/avr5\libm.a(divsf3.o) (__divsf3x)
c:/program files (x86)/atmel/studio/7.0/toolchain/avr8/avr8-gnu-toolchain/bin/../lib/gcc/avr/5.4.0/../../../../avr/lib/avr5\libm.a(fixunssfsi.o)
                              IR_NEC.o (__fixunssfsi)
c:/program files (x86)/atmel/studio/7.0/toolchain/avr8/avr8-gnu-toolchain/bin/../lib/gcc/avr/5.4.0/../../../../avr/lib/avr5\libm.a(floatsisf.o)
                              IR_NEC.o (__floatunsisf)
c:/program files (x86)/atmel/studio/7.0/toolchain/avr8/avr8-gnu-toolchain/bin/../lib/gcc/avr/5.4.0/../../../../avr/lib/avr5\libm.a(fp_inf.o)
                              c:/program files (x86)/atmel/studio/7.0/toolchain/avr8/avr8-gnu-toolchain/bin/../lib/gcc/avr/5.4.0/../../../../avr/lib/avr5\libm.a(addsf3x.o) (__fp_inf)
c:/program files (x86)/atmel/studio/7.0/toolchain/avr8/avr8-gnu-toolchain/bin/../lib/gcc/avr/5.4.0/../../../../avr/lib/avr5\libm.a(fp_nan.o)
                              c:/program files (x86)/atmel/studio/7.0/toolchain/avr8/avr8-gnu-toolchain/bin/../lib/gcc/avr/5.4.0/../../../../avr/lib/avr5\libm.a(addsf3x.o) (__fp_nan)
c:/program files (x86)/atmel/studio/7.0/toolchain/avr8/avr8-gnu-toolchain/bin/../lib/gcc/avr/5.4.0/../../../../avr/lib/avr5\libm.a(fp_pscA.o)
                              c:/program files (x86)/atmel/studio/7.0/toolchain/avr8/avr8-gnu-toolchain/bin/../lib/gcc/avr/5.4.0/../../../../avr/lib/avr5\libm.a(addsf3x.o) (__fp_pscA)
c:/program files (x86)/atmel/studio/7.0/toolchain/avr8/avr8-gnu-toolchain/bin/../lib/gcc/avr/5.4.0/../../../../avr/lib/avr5\libm.a(fp_pscB.o)
                              c:/program files (x86)/atmel/studio/7.0/toolchain/avr8/avr8-gnu-toolchain/bin/../lib/gcc/avr/5.4.0/../../../../avr/lib/avr5\libm.a(addsf3x.o) (__fp_pscB)
c:/program files (x86)/atmel/studio/7.0/toolchain/avr8/avr8-gnu-toolchain/bin/../lib/gcc/avr/5.4.0/../../../../avr/lib/avr5\libm.a(fp_round.o)
                              c:/program files (x86)/atmel/studio/7.0/toolchain/avr8/avr8-gnu-toolchain/bin/../lib/gcc/avr/5.4.0/../../../../avr/lib/avr5\libm.a(addsf3.o) (__fp_round)
c:/program files (x86)/atmel/studio/7.0/toolchain/avr8/avr8-gnu-toolchain/bin/../lib/gcc/avr/5.4.0/../../../../avr/lib/avr5\libm.a(fp_split3.o)
                              c:/program files (x86)/atmel/studio/7.0/toolchain/avr8/avr8-gnu-toolchain/bin/../lib/gcc/avr/5.4.0/../../../../avr/lib/avr5\libm.a(addsf3x.o) (__fp_split3)
c:/program files (x86)/atmel/studio/7.0/toolchain/avr8/avr8-gnu-toolchain/bin/../lib/gcc/avr/5.4.0/../../../../avr/lib/avr5\libm.a(fp_zero.o)
                              c:/program files (x86)/atmel/studio/7.0/toolchain/avr8/avr8-gnu-toolchain/bin/../lib/gcc/avr/5.4.0/../../../../avr/lib/avr5\libm.a(addsf3x.o) (__fp_zero)
c:/program files (x86)/atmel/studio/7.0/toolchain/avr8/avr8-gnu-toolchain/bin/../lib/gcc/avr/5.4.0/avr5\libgcc.a(_udivmodqi4.o)
                              light_ws2812.o (__udivmodqi4)
c:/program files (x86)/atmel/studio/7.0/toolchain/avr8/avr8-gnu-toolchain/bin/../lib/gcc/avr/5.4.0/avr5\libgcc.a(_udivmodhi4.o)
                              queue.o (__udivmodhi4)
c:/program files (x86)/atmel/studio/7.0/toolchain/avr8/avr8-gnu-toolchain/bin/../lib/gcc/avr/5.4.0/avr5\libgcc.a(_udivmodsi4.o)
                              uartAT16.o (__udivmodsi4)
c:/program files (x86)/atmel/studio/7.0/toolchain/avr8/avr8-gnu-toolchain/bin/../lib/gcc/avr/5.4.0/avr5\libgcc.a(_exit.o)
                              C:/Program Files (x86)/Atmel/Studio/7.0/Packs/atmel/ATmega_DFP/1.6.364/gcc/dev/atmega328p/avr5/crtatmega328p.o (exit)
c:/program files (x86)/atmel/studio/7.0/toolchain/avr8/avr8-gnu-toolchain/bin/../lib/gcc/avr/5.4.0/avr5\libgcc.a(_tablejump2.o)
                              DFPLAYER.o (__tablejump2__)
c:/program files (x86)/atmel/studio/7.0/toolchain/avr8/avr8-gnu-toolchain/bin/../lib/gcc/avr/5.4.0/avr5\libgcc.a(_copy_data.o)
[...]
Memory Configuration

Name             Origin             Length             Attributes
text             0x00000000         0x00008000         xr
data             0x00800100         0x00000800         rw !x
eeprom           0x00810000         0x00000400         rw !x
fuse             0x00820000         0x00000003         rw !x
lock             0x00830000         0x00000400         rw !x
signature        0x00840000         0x00000400         rw !x
user_signatures  0x00850000         0x00000400         rw !x
*default*        0x00000000         0xffffffff

Linker script and memory map

Address of section .data set to 0x800100
LOAD C:/Program Files (x86)/Atmel/Studio/7.0/Packs/atmel/ATmega_DFP/1.6.364/gcc/dev/atmega328p/avr5/crtatmega328p.o
LOAD botones.o
LOAD DFPLAYER.o
LOAD dfplayerKE.o
LOAD event_groups.o
LOAD heap_3.o
LOAD hooks.o
LOAD I2C_Master_C_file.o
LOAD IR_NEC.o
LOAD light_ws2812.o
LOAD liquid_crystal_i2c.o
LOAD list.o
LOAD main.o
LOAD menu.o
LOAD neopixelKE.o
LOAD port.o
LOAD queue.o
LOAD rtcKE.o
LOAD stream_buffer.o
LOAD tasks.o
LOAD timers.o
LOAD uart.o
LOAD uartAT16.o
START GROUP
LOAD c:/program files (x86)/atmel/studio/7.0/toolchain/avr8/avr8-gnu-toolchain/bin/../lib/gcc/avr/5.4.0/../../../../avr/lib/avr5\libm.a
END GROUP
START GROUP
LOAD c:/program files (x86)/atmel/studio/7.0/toolchain/avr8/avr8-gnu-toolchain/bin/../lib/gcc/avr/5.4.0/avr5\libgcc.a
LOAD c:/program files (x86)/atmel/studio/7.0/toolchain/avr8/avr8-gnu-toolchain/bin/../lib/gcc/avr/5.4.0/../../../../avr/lib/avr5\libm.a
LOAD c:/program files (x86)/atmel/studio/7.0/toolchain/avr8/avr8-gnu-toolchain/bin/../lib/gcc/avr/5.4.0/../../../../avr/lib/avr5\libc.a
LOAD C:/Program Files (x86)/Atmel/Studio/7.0/Packs/atmel/ATmega_DFP/1.6.364/gcc/dev/atmega328p/avr5\libatmega328p.a
END GROUP
                0x00000000                __TEXT_REGION_ORIGIN__ = DEFINED (__TEXT_REGION_ORIGIN__)?__TEXT_REGION_ORIGIN__:0x0
                [0x00800100]                __DATA_REGION_ORIGIN__ = DEFINED (__DATA_REGION_ORIGIN__)?__DATA_REGION_ORIGIN__:0x800060
                [0x00008000]                __TEXT_REGION_LENGTH__ = DEFINED (__TEXT_REGION_LENGTH__)?__TEXT_REGION_LENGTH__:0x20000
                [0x00000800]                __DATA_REGION_LENGTH__ = DEFINED (__DATA_REGION_LENGTH__)?__DATA_REGION_LENGTH__:0xffa0
                [0x00000400]                __EEPROM_REGION_LENGTH__ = DEFINED (__EEPROM_REGION_LENGTH__)?__EEPROM_REGION_LENGTH__:0x10000
                [0x00000003]                __FUSE_REGION_LENGTH__ = DEFINED (__FUSE_REGION_LENGTH__)?__FUSE_REGION_LENGTH__:0x400
                0x00000400                __LOCK_REGION_LENGTH__ = DEFINED (__LOCK_REGION_LENGTH__)?__LOCK_REGION_LENGTH__:0x400
                0x00000400                __SIGNATURE_REGION_LENGTH__ = DEFINED (__SIGNATURE_REGION_LENGTH__)?__SIGNATURE_REGION_LENGTH__:0x400
                0x00000400                __USER_SIGNATURE_REGION_LENGTH__ = DEFINED (__USER_SIGNATURE_REGION_LENGTH__)?__USER_SIGNATURE_REGION_LENGTH__:0x400

.hash
 *(.hash)

.dynsym
 *(.dynsym)

.dynstr
 *(.dynstr)

.gnu.version
 *(.gnu.version)

.gnu.version_d
 *(.gnu.version_d)

.gnu.version_r
 *(.gnu.version_r)

.rel.init
 *(.rel.init)

.rela.init
 *(.rela.init)

.rel.text
 *(.rel.text)
 *(.rel.text.*)
 *(.rel.gnu.linkonce.t*)

.rela.text
 *(.rela.text)
 *(.rela.text.*)
 *(.rela.gnu.linkonce.t*)

.rel.fini
 *(.rel.fini)

.rela.fini
 *(.rela.fini)

.rel.rodata
 *(.rel.rodata)
 *(.rel.rodata.*)
 *(.rel.gnu.linkonce.r*)

.rela.rodata
 *(.rela.rodata)
 *(.rela.rodata.*)
 *(.rela.gnu.linkonce.r*)

.rel.data
 *(.rel.data)
 *(.rel.data.*)
 *(.rel.gnu.linkonce.d*)

.rela.data
 *(.rela.data)
 *(.rela.data.*)
 *(.rela.gnu.linkonce.d*)

.rel.ctors
 *(.rel.ctors)

.rela.ctors
 *(.rela.ctors)

.rel.dtors
 *(.rel.dtors)

.rela.dtors
 *(.rela.dtors)

.rel.got
 *(.rel.got)

.rela.got
 *(.rela.got)

.rel.bss
 *(.rel.bss)

.rela.bss
 *(.rela.bss)

.rel.plt
 *(.rel.plt)

.rela.plt
 *(.rela.plt)

.text           0x00000000     0x5454
 *(.vectors)
 .vectors       0x00000000       0x68 C:/Program Files (x86)/Atmel/Studio/7.0/Packs/atmel/ATmega_DFP/1.6.364/gcc/dev/atmega328p/avr5/crtatmega328p.o
                0x00000000                __vector_default
                0x00000000                __vectors
 *(.vectors)
 *(.progmem.gcc*)
 .progmem.gcc_sw_table.DFP_ParseMessage
                0x00000068       0x2c DFPLAYER.o
 .progmem.gcc_sw_table.prvProcessReceivedCommands
                0x00000094       0x12 timers.o
                0x000000a6                . = ALIGN (0x2)
                0x000000a6                __trampolines_start = .
 *(.trampolines)
 .trampolines   0x000000a6        0x0 linker stubs
 *(.trampolines*)
                0x000000a6                __trampolines_end = .
 *libprintf_flt.a:*(.progmem.data)
 *libc.a:*(.progmem.data)
 *(.progmem*)
 .progmem.data.album1
                0x000000a6      0x258 menu.o
                0x000000a6                album1
 .progmem.data.album3
                0x000002fe      0x258 menu.o
                0x000002fe                album3
 .progmem.data.album2
                0x00000556      0x258 menu.o
                0x00000556                album2
 .progmem.data.mas22
                0x000007ae       0x11 menu.o
                0x000007ae                mas22
 .progmem.data.mas21
                0x000007bf       0x11 menu.o
                0x000007bf                mas21
 .progmem.data.mas1
                0x000007d0       0x11 menu.o
                0x000007d0                mas1
 .progmem.data.led26
                0x000007e1       0x11 menu.o
                0x000007e1                led26
 .progmem.data.led25
                0x000007f2       0x11 menu.o
                0x000007f2                led25
 .progmem.data.led24
                0x00000803       0x11 menu.o
                0x00000803                led24
 .progmem.data.led23
                0x00000814       0x11 menu.o
                0x00000814                led23
 .progmem.data.led22
                0x00000825       0x11 menu.o
                0x00000825                led22
 .progmem.data.led21
                0x00000836       0x11 menu.o
                0x00000836                led21
 .progmem.data.led1
                0x00000847       0x11 menu.o
                0x00000847                led1
 .progmem.data.ecualizador26
                0x00000858       0x11 menu.o
                0x00000858                ecualizador26
 .progmem.data.ecualizador25
                0x00000869       0x11 menu.o
                0x00000869                ecualizador25
 .progmem.data.ecualizador24
                0x0000087a       0x11 menu.o
                0x0000087a                ecualizador24
 .progmem.data.ecualizador23
                0x0000088b       0x11 menu.o
                0x0000088b                ecualizador23
 .progmem.data.ecualizador22
                0x0000089c       0x11 menu.o
                0x0000089c                ecualizador22
 .progmem.data.ecualizador21
                0x000008ad       0x11 menu.o
                0x000008ad                ecualizador21
 .progmem.data.ecualizador1
                0x000008be       0x11 menu.o
                0x000008be                ecualizador1
 .progmem.data.config22
                0x000008cf       0x11 menu.o
                0x000008cf                config22
 .progmem.data.config21
                0x000008e0       0x11 menu.o
                0x000008e0                config21
 .progmem.data.config1
                0x000008f1       0x11 menu.o
                0x000008f1                config1
 .progmem.data.volumen1
                0x00000902       0x11 menu.o
                0x00000902                volumen1
 .progmem.data.carpeta22
                0x00000913       0x11 menu.o
                0x00000913                carpeta22
 .progmem.data.carpeta21
                0x00000924       0x11 menu.o
                0x00000924                carpeta21
 .progmem.data.carpeta20
                0x00000935       0x11 menu.o
                0x00000935                carpeta20
 .progmem.data.carpeta1
                0x00000946       0x11 menu.o
                0x00000946                carpeta1
 .progmem.data.principal2
                0x00000957       0x11 menu.o
                0x00000957                principal2
 .progmem.data.bienvenida2
                0x00000968       0x11 menu.o
                0x00000968                bienvenida2
 .progmem.data.bienvenida1
                0x00000979       0x11 menu.o
                0x00000979                bienvenida1
                0x0000098a                . = ALIGN (0x2)
 *(.jumptables)
 *(.jumptables*)
 *(.lowtext)
 *(.lowtext*)
                0x0000098a                __ctors_start = .
 *(.ctors)
                0x0000098a                __ctors_end = .
                0x0000098a                __dtors_start = .
 *(.dtors)
                0x0000098a                __dtors_end = .
 SORT(*)(.ctors)
 SORT(*)(.dtors)
 *(.init0)
 .init0         0x0000098a        0x0 C:/Program Files (x86)/Atmel/Studio/7.0/Packs/atmel/ATmega_DFP/1.6.364/gcc/dev/atmega328p/avr5/crtatmega328p.o
                0x0000098a                __init
 *(.init0)
 *(.init1)
 *(.init1)
 *(.init2)
 .init2         0x0000098a        0xc C:/Program Files (x86)/Atmel/Studio/7.0/Packs/atmel/ATmega_DFP/1.6.364/gcc/dev/atmega328p/avr5/crtatmega328p.o
 *(.init2)
 *(.init3)
 *(.init3)
 *(.init4)
 .init4         0x00000996       0x16 c:/program files (x86)/atmel/studio/7.0/toolchain/avr8/avr8-gnu-toolchain/bin/../lib/gcc/avr/5.4.0/avr5\libgcc.a(_copy_data.o)
                0x00000996                __do_copy_data
 .init4         0x000009ac       0x10 c:/program files (x86)/atmel/studio/7.0/toolchain/avr8/avr8-gnu-toolchain/bin/../lib/gcc/avr/5.4.0/avr5\libgcc.a(_clear_bss.o)
                0x000009ac                __do_clear_bss
 *(.init4)
 *(.init5)
 *(.init5)
 *(.init6)
 *(.init6)
 *(.init7)
 *(.init7)
 *(.init8)
 *(.init8)
 *(.init9)
 .init9         0x000009bc        0x8 C:/Program Files (x86)/Atmel/Studio/7.0/Packs/atmel/ATmega_DFP/1.6.364/gcc/dev/atmega328p/avr5/crtatmega328p.o
 *(.init9)
 *(.text)
 .text          0x000009c4        0x4 C:/Program Files (x86)/Atmel/Studio/7.0/Packs/atmel/ATmega_DFP/1.6.364/gcc/dev/atmega328p/avr5/crtatmega328p.o
                0x000009c4                __vector_22
                0x000009c4                __vector_24
                0x000009c4                __vector_12
                0x000009c4                __bad_interrupt
                0x000009c4                __vector_3
                0x000009c4                __vector_23
                0x000009c4                __vector_25
                0x000009c4                __vector_11
                0x000009c4                __vector_13
                0x000009c4                __vector_17
                0x000009c4                __vector_19
                0x000009c4                __vector_7
                0x000009c4                __vector_5
                0x000009c4                __vector_4
                0x000009c4                __vector_9
                0x000009c4                __vector_21
                0x000009c4                __vector_15
                0x000009c4                __vector_8
                0x000009c4                __vector_14
                0x000009c4                __vector_10
                0x000009c4                __vector_18
                0x000009c4                __vector_20
                0x000009c8                . = ALIGN (0x2)
 *(.text.*)
 .text.botones_init
                0x000009c8       0x30 botones.o
                0x000009c8                botones_init
 .text.antiRebote
                0x000009f8       0x42 botones.o
                0x000009f8                antiRebote
 .text.leer     0x00000a3a       0x62 botones.o
                0x00000a3a                leer
 .text.DFP_ParseMessage
                0x00000a9c       0xa0 DFPLAYER.o
 .text.DFP_CalChecksum
                0x00000b3c       0x2e DFPLAYER.o
 .text.DFP_SendControlMessage
                0x00000b6a       0x60 DFPLAYER.o
 .text.DFP_SendQueryMessage
                0x00000bca       0xa2 DFPLAYER.o
 .text.DFP_PlayNext
                0x00000c6c        0xc DFPLAYER.o
                0x00000c6c                DFP_PlayNext
 .text.DFP_PlayPrevious
                0x00000c78        0xc DFPLAYER.o
                0x00000c78                DFP_PlayPrevious
 .text.DFP_IncreaseVolume
                0x00000c84        0xc DFPLAYER.o
                0x00000c84                DFP_IncreaseVolume
 .text.DFP_DecreaseVolume
                0x00000c90        0xc DFPLAYER.o
                0x00000c90                DFP_DecreaseVolume
 .text.DFP_SetEQ
                0x00000c9c       0x12 DFPLAYER.o
                0x00000c9c                DFP_SetEQ
 .text.DFP_Play
                0x00000cae        0xc DFPLAYER.o
                0x00000cae                DFP_Play
 .text.DFP_Pause
                0x00000cba        0xc DFPLAYER.o
                0x00000cba                DFP_Pause
 .text.DFP_PlayTrackInFolder
                0x00000cc6       0x12 DFPLAYER.o
                0x00000cc6                DFP_PlayTrackInFolder
 .text.DFP_Stop
                0x00000cd8        0xc DFPLAYER.o
                0x00000cd8                DFP_Stop
 .text.DFP_QueryCurrentStatus
                0x00000ce4        0xc DFPLAYER.o
                0x00000ce4                DFP_QueryCurrentStatus
 .text.DFP_QueryCurrentVolume
                0x00000cf0        0xc DFPLAYER.o
                0x00000cf0                DFP_QueryCurrentVolume
 .text.DFP_QueryCurrentTrack
                0x00000cfc       0x20 DFPLAYER.o
                0x00000cfc                DFP_QueryCurrentTrack
 .text.DFP_Initialize
                0x00000d1c       0x2a DFPLAYER.o
                0x00000d1c                DFP_Initialize
 .text.player_init
                0x00000d46       0x54 dfplayerKE.o
                0x00000d46                player_init
 .text.reproducAlbum
                0x00000d9a       0x90 dfplayerKE.o
                0x00000d9a                reproducAlbum
 .text.playPause
                0x00000e2a       0x26 dfplayerKE.o
                0x00000e2a                playPause
 .text.actVol   0x00000e50       0x3c dfplayerKE.o
                0x00000e50                actVol
 .text.cambiarCancion
                0x00000e8c       0x9e dfplayerKE.o
                0x00000e8c                cambiarCancion
 .text.playerAct
                0x00000f2a       0xe6 dfplayerKE.o
                0x00000f2a                playerAct
 .text.playerIR
                0x00001010       0x88 dfplayerKE.o
                0x00001010                playerIR
 .text.loop     0x00001098       0x20 dfplayerKE.o
                0x00001098                loop
 .text.pvPortMalloc
                0x000010b8       0x1e heap_3.o
                0x000010b8                pvPortMalloc
 .text.vPortFree
                0x000010d6       0x1e heap_3.o
                0x000010d6                vPortFree
 .text.vApplicationIdleHook
                0x000010f4       0x38 hooks.o
                0x000010f4                vApplicationIdleHook
 .text.I2C_Init
                0x0000112c        0xc I2C_Master_C_file.o
                0x0000112c                I2C_Init
 .text.I2C_Start
                0x00001138       0x48 I2C_Master_C_file.o
                0x00001138                I2C_Start
 .text.I2C_Repeated_Start
                0x00001180       0x48 I2C_Master_C_file.o
                0x00001180                I2C_Repeated_Start
 .text.I2C_Stop
                0x000011c8       0x10 I2C_Master_C_file.o
                0x000011c8                I2C_Stop
 .text.I2C_Write
                0x000011d8       0x2c I2C_Master_C_file.o
                0x000011d8                I2C_Write
 .text.I2C_Read_Ack
                0x00001204       0x16 I2C_Master_C_file.o
                0x00001204                I2C_Read_Ack
 .text.I2C_Read_Nack
                0x0000121a       0x16 I2C_Master_C_file.o
                0x0000121a                I2C_Read_Nack
 .text.i2c_master_start
                0x00001230       0x58 I2C_Master_C_file.o
                0x00001230                i2c_master_start
 .text.i2c_master_sendByte
                0x00001288       0x22 I2C_Master_C_file.o
                0x00001288                i2c_master_sendByte
 .text.repDisabled
                0x000012aa       0x28 IR_NEC.o
 .text.write_data
                0x000012d2       0xce IR_NEC.o
 .text.IR_init  0x000013a0       0x6a IR_NEC.o
                0x000013a0                IR_init
 .text.IR_data_ready
                0x0000140a       0x76 IR_NEC.o
                0x0000140a                IR_data_ready
 .text.__vector_1
                0x00001480      0x1f2 IR_NEC.o
                0x00001480                __vector_1
 .text.__vector_16
                0x00001672       0x52 IR_NEC.o
                0x00001672                __vector_16
 .text.ws2812_sendarray
                0x000016c4       0x42 light_ws2812.o
                0x000016c4                ws2812_sendarray
 .text.ws2812_brightness
                0x00001706       0x50 light_ws2812.o
                0x00001706                ws2812_brightness
 .text.lq_transmitI2C
                0x00001756        0xe liquid_crystal_i2c.o
                0x00001756                lq_transmitI2C
 .text.lq_turnOnBacklight
                0x00001764        0xe liquid_crystal_i2c.o
                0x00001764                lq_turnOnBacklight
 .text.lq_writeDevicePulse
                0x00001772       0x32 liquid_crystal_i2c.o
                0x00001772                lq_writeDevicePulse
 .text.lq_writeDevice4Bits
                0x000017a4       0x1e liquid_crystal_i2c.o
                0x000017a4                lq_writeDevice4Bits
 .text.lq_writeDeviceByte
                0x000017c2       0x3a liquid_crystal_i2c.o
                0x000017c2                lq_writeDeviceByte
 .text.lq_print
                0x000017fc       0x2a liquid_crystal_i2c.o
                0x000017fc                lq_print
 .text.lq_sendCommand
                0x00001826        0x8 liquid_crystal_i2c.o
                0x00001826                lq_sendCommand
 .text.lq_setCursor
                0x0000182e       0x3e liquid_crystal_i2c.o
                0x0000182e                lq_setCursor
 .text.lq_clear
                0x0000186c       0x28 liquid_crystal_i2c.o
                0x0000186c                lq_clear
 .text.lq_returnHome
                0x00001894       0x14 liquid_crystal_i2c.o
                0x00001894                lq_returnHome
 .text.lq_turnOnDisplay
                0x000018a8       0x12 liquid_crystal_i2c.o
                0x000018a8                lq_turnOnDisplay
 .text.lq_init  0x000018ba      0x11c liquid_crystal_i2c.o
                0x000018ba                lq_init
 .text.vListInitialise
                0x000019d6       0x1c list.o
                0x000019d6                vListInitialise
 .text.vListInitialiseItem
                0x000019f2        0x8 list.o
                0x000019f2                vListInitialiseItem
 .text.vListInsert
                0x000019fa       0x62 list.o
                0x000019fa                vListInsert
 .text.uxListRemove
                0x00001a5c       0x4e list.o
                0x00001a5c                uxListRemove
 .text.botonT   0x00001aaa       0x38 main.o
 .text.rtcT     0x00001ae2       0x18 main.o
 .text.lcdT     0x00001afa       0x20 main.o
 .text.playerT  0x00001b1a       0x58 main.o
 .text.IR_read  0x00001b72       0x7a main.o
                0x00001b72                IR_read
 .text.irT      0x00001bec       0x28 main.o
 .text.__vector_2
                0x00001c14       0x8c main.o
                0x00001c14                __vector_2
 .text.main     0x00001ca0       0xd2 main.o
                0x00001ca0                main
 .text.entrada  0x00001d72      0x2c8 menu.o
                0x00001d72                entrada
 .text.imprimir
                0x0000203a       0x4a menu.o
                0x0000203a                imprimir
 .text.imprimirIndex
                0x00002084      0x622 menu.o
                0x00002084                imprimirIndex
 .text.recorrer
                0x000026a6      0x168 menu.o
                0x000026a6                recorrer
 .text.display_menu
                0x0000280e      0x300 menu.o
                0x0000280e                display_menu
 .text.menu_init
                0x00002b0e       0xe4 menu.o
                0x00002b0e                menu_init
 .text.neopixel_rainbow
                0x00002bf2       0xc6 neopixelKE.o
                0x00002bf2                neopixel_rainbow
 .text.neopixel_mitades
                0x00002cb8      0x152 neopixelKE.o
                0x00002cb8                neopixel_mitades
 .text.neopixel_print_solido
                0x00002e0a       0x7a neopixelKE.o
                0x00002e0a                neopixel_print_solido
 .text.neopixel_init
                0x00002e84       0x54 neopixelKE.o
                0x00002e84                neopixel_init
 .text.neopixel_act
                0x00002ed8       0xe8 neopixelKE.o
                0x00002ed8                neopixel_act
 .text.prvSetupTimerInterrupt
                0x00002fc0       0x18 port.o
 .text.pxPortInitialiseStack
                0x00002fd8       0x22 port.o
                0x00002fd8                pxPortInitialiseStack
 .text.xPortStartScheduler
                0x00002ffa       0x5e port.o
                0x00002ffa                xPortStartScheduler
 .text.vPortYield
                0x00003058       0xb2 port.o
                0x00003058                vPortYield
 .text.vPortYieldFromTick
                0x0000310a       0xba port.o
                0x0000310a                vPortYieldFromTick
 .text.__vector_6
                0x000031c4        0x6 port.o
                0x000031c4                __vector_6
 .text.prvIsQueueEmpty
                0x000031ca       0x1a queue.o
 .text.prvCopyDataFromQueue
                0x000031e4       0x34 queue.o
 .text.prvUnlockQueue
                0x00003218       0x68 queue.o
 .text.xQueueGenericReset
                0x00003280       0xbe queue.o
                0x00003280                xQueueGenericReset
 .text.prvInitialiseNewQueue
                0x0000333e       0x26 queue.o
 .text.xQueueGenericCreate
                0x00003364       0x82 queue.o
                0x00003364                xQueueGenericCreate
 .text.xQueueReceive
                0x000033e6      0x11e queue.o
                0x000033e6                xQueueReceive
 .text.vQueueWaitForMessageRestricted
                0x00003504       0x3a queue.o
                0x00003504                vQueueWaitForMessageRestricted
 .text.IsItPM   0x0000353e        0xc rtcKE.o
                0x0000353e                IsItPM
 .text.RTC_Read_Clock
                0x0000354a       0x3c rtcKE.o
                0x0000354a                RTC_Read_Clock
 .text.RTC_Read_Calendar
                0x00003586       0x42 rtcKE.o
                0x00003586                RTC_Read_Calendar
 .text.rtc_act  0x000035c8       0x50 rtcKE.o
                0x000035c8                rtc_act
 .text.rtc_init
                0x00003618       0x1e rtcKE.o
                0x00003618                rtc_init
 .text.prvResetNextTaskUnblockTime
                0x00003636       0x38 tasks.o
 .text.prvDeleteTCB
                0x0000366e       0x1a tasks.o
 .text.prvInitialiseNewTask
                0x00003688       0xf0 tasks.o
 .text.prvInitialiseTaskLists
                0x00003778       0x6e tasks.o
 .text.prvAddNewTaskToReadyList
                0x000037e6       0xfa tasks.o
 .text.prvCheckTasksWaitingTermination
                0x000038e0       0x4c tasks.o
 .text.prvAddCurrentTaskToDelayedList
                0x0000392c      0x102 tasks.o
 .text.prvIdleTask
                0x00003a2e       0x16 tasks.o
 .text.xTaskCreate
                0x00003a44       0x9c tasks.o
                0x00003a44                xTaskCreate
 .text.vTaskStartScheduler
                0x00003ae0       0x60 tasks.o
                0x00003ae0                vTaskStartScheduler
 .text.vTaskSuspendAll
                0x00003b40        0xc tasks.o
                0x00003b40                vTaskSuspendAll
 .text.xTaskGetTickCount
                0x00003b4c       0x14 tasks.o
                0x00003b4c                xTaskGetTickCount
 .text.xTaskIncrementTick
                0x00003b60      0x234 tasks.o
                0x00003b60                xTaskIncrementTick
 .text.xTaskResumeAll
                0x00003d94      0x1aa tasks.o
                0x00003d94                xTaskResumeAll
 .text.vTaskDelay
                0x00003f3e       0x2c tasks.o
                0x00003f3e                vTaskDelay
 .text.vTaskSwitchContext
                0x00003f6a       0xa8 tasks.o
                0x00003f6a                vTaskSwitchContext
 .text.vTaskPlaceOnEventList
                0x00004012       0x24 tasks.o
                0x00004012                vTaskPlaceOnEventList
 .text.vTaskPlaceOnEventListRestricted
                0x00004036       0x92 tasks.o
                0x00004036                vTaskPlaceOnEventListRestricted
 .text.xTaskRemoveFromEventList
                0x000040c8      0x17a tasks.o
                0x000040c8                xTaskRemoveFromEventList
 .text.vTaskInternalSetTimeOutState
                0x00004242       0x16 tasks.o
                0x00004242                vTaskInternalSetTimeOutState
 .text.xTaskCheckForTimeOut
                0x00004258       0x7e tasks.o
                0x00004258                xTaskCheckForTimeOut
 .text.vTaskMissedYield
                0x000042d6        0x8 tasks.o
                0x000042d6                vTaskMissedYield
 .text.prvGetNextExpireTime
                0x000042de       0x2a timers.o
 .text.prvInsertTimerInActiveList
                0x00004308       0x5e timers.o
 .text.prvReloadTimer
                0x00004366       0x48 timers.o
 .text.prvProcessExpiredTimer
                0x000043ae       0x56 timers.o
 .text.prvSwitchTimerLists
                0x00004404       0x3c timers.o
 .text.prvSampleTimeNow
                0x00004440       0x42 timers.o
 .text.prvProcessTimerOrBlockTask
                0x00004482       0x90 timers.o
 .text.prvProcessReceivedCommands
                0x00004512      0x140 timers.o
 .text.prvTimerTask
                0x00004652       0x1e timers.o
 .text.prvCheckForValidListAndQueue
                0x00004670       0x52 timers.o
 .text.xTimerCreateTimerTask
                0x000046c2       0x44 timers.o
                0x000046c2                xTimerCreateTimerTask
 .text.uart_init
                0x00004706        0xe uart.o
                0x00004706                uart_init
 .text.uart_tx  0x00004714       0x44 uart.o
                0x00004714                uart_tx
 .text.UART_init
                0x00004758       0x68 uartAT16.o
                0x00004758                UART_init
 .text.UART_RxChar
                0x000047c0       0x14 uartAT16.o
                0x000047c0                UART_RxChar
 .text.UART_TxChar
                0x000047d4        0xe uartAT16.o
                0x000047d4                UART_TxChar
 .text.UART_RxBuffer
                0x000047e2       0x38 uartAT16.o
                0x000047e2                UART_RxBuffer
 .text.UART_TxBuffer
                0x0000481a       0x38 uartAT16.o
                0x0000481a                UART_TxBuffer
 .text.avr-libc.fplib
                0x00004852        0xe c:/program files (x86)/atmel/studio/7.0/toolchain/avr8/avr8-gnu-toolchain/bin/../lib/gcc/avr/5.4.0/../../../../avr/lib/avr5\libm.a(addsf3.o)
                0x00004852                __subsf3
                0x00004854                __addsf3
 .text.avr-libc.fplib
                0x00004860       0xcc c:/program files (x86)/atmel/studio/7.0/toolchain/avr8/avr8-gnu-toolchain/bin/../lib/gcc/avr/5.4.0/../../../../avr/lib/avr5\libm.a(addsf3x.o)
                0x00004882                __addsf3x
 .text.avr-libc.fplib
                0x0000492c        0x8 c:/program files (x86)/atmel/studio/7.0/toolchain/avr8/avr8-gnu-toolchain/bin/../lib/gcc/avr/5.4.0/../../../../avr/lib/avr5\libm.a(divsf3.o)
                0x0000492c                __divsf3
 .text.avr-libc.fplib
                0x00004934       0xdc c:/program files (x86)/atmel/studio/7.0/toolchain/avr8/avr8-gnu-toolchain/bin/../lib/gcc/avr/5.4.0/../../../../avr/lib/avr5\libm.a(divsf3x.o)
                0x00004954                __divsf3x
                0x0000495a                __divsf3_pse
 .text.avr-libc.fplib
                0x00004a10       0x5e c:/program files (x86)/atmel/studio/7.0/toolchain/avr8/avr8-gnu-toolchain/bin/../lib/gcc/avr/5.4.0/../../../../avr/lib/avr5\libm.a(fixunssfsi.o)
                0x00004a10                __fixunssfsi
 .text.avr-libc.fplib
                0x00004a6e       0x7a c:/program files (x86)/atmel/studio/7.0/toolchain/avr8/avr8-gnu-toolchain/bin/../lib/gcc/avr/5.4.0/../../../../avr/lib/avr5\libm.a(floatsisf.o)
                0x00004a6e                __floatunsisf
                0x00004a72                __floatsisf
 .text.avr-libc.fplib
                0x00004ae8        0xc c:/program files (x86)/atmel/studio/7.0/toolchain/avr8/avr8-gnu-toolchain/bin/../lib/gcc/avr/5.4.0/../../../../avr/lib/avr5\libm.a(fp_inf.o)
                0x00004ae8                __fp_inf
 .text.avr-libc.fplib
                0x00004af4        0x6 c:/program files (x86)/atmel/studio/7.0/toolchain/avr8/avr8-gnu-toolchain/bin/../lib/gcc/avr/5.4.0/../../../../avr/lib/avr5\libm.a(fp_nan.o)
                0x00004af4                __fp_nan
 .text.avr-libc.fplib
                0x00004afa        0xe c:/program files (x86)/atmel/studio/7.0/toolchain/avr8/avr8-gnu-toolchain/bin/../lib/gcc/avr/5.4.0/../../../../avr/lib/avr5\libm.a(fp_pscA.o)
                0x00004afa                __fp_pscA
 .text.avr-libc.fplib
                0x00004b08        0xe c:/program files (x86)/atmel/studio/7.0/toolchain/avr8/avr8-gnu-toolchain/bin/../lib/gcc/avr/5.4.0/../../../../avr/lib/avr5\libm.a(fp_pscB.o)
                0x00004b08                __fp_pscB
 .text.avr-libc.fplib
                0x00004b16       0x22 c:/program files (x86)/atmel/studio/7.0/toolchain/avr8/avr8-gnu-toolchain/bin/../lib/gcc/avr/5.4.0/../../../../avr/lib/avr5\libm.a(fp_round.o)
                0x00004b16                __fp_round
 .text.avr-libc.fplib
                0x00004b38       0x44 c:/program files (x86)/atmel/studio/7.0/toolchain/avr8/avr8-gnu-toolchain/bin/../lib/gcc/avr/5.4.0/../../../../avr/lib/avr5\libm.a(fp_split3.o)
                0x00004b38                __fp_split3
                0x00004b48                __fp_splitA
 .text.avr-libc.fplib
                0x00004b7c        0xe c:/program files (x86)/atmel/studio/7.0/toolchain/avr8/avr8-gnu-toolchain/bin/../lib/gcc/avr/5.4.0/../../../../avr/lib/avr5\libm.a(fp_zero.o)
                0x00004b7c                __fp_zero
                0x00004b7e                __fp_szero
 .text.libgcc.div
                0x00004b8a       0x18 c:/program files (x86)/atmel/studio/7.0/toolchain/avr8/avr8-gnu-toolchain/bin/../lib/gcc/avr/5.4.0/avr5\libgcc.a(_udivmodqi4.o)
                0x00004b8a                __udivmodqi4
 .text.libgcc.div
                0x00004ba2       0x28 c:/program files (x86)/atmel/studio/7.0/toolchain/avr8/avr8-gnu-toolchain/bin/../lib/gcc/avr/5.4.0/avr5\libgcc.a(_udivmodhi4.o)
                0x00004ba2                __udivmodhi4
 .text.libgcc.div
                0x00004bca       0x44 c:/program files (x86)/atmel/studio/7.0/toolchain/avr8/avr8-gnu-toolchain/bin/../lib/gcc/avr/5.4.0/avr5\libgcc.a(_udivmodsi4.o)
                0x00004bca                __udivmodsi4
 .text.libgcc   0x00004c0e        0xc c:/program files (x86)/atmel/studio/7.0/toolchain/avr8/avr8-gnu-toolchain/bin/../lib/gcc/avr/5.4.0/avr5\libgcc.a(_tablejump2.o)
                0x00004c0e                __tablejump2__
 .text.avr-libc
                0x00004c1a      0x242 c:/program files (x86)/atmel/studio/7.0/toolchain/avr8/avr8-gnu-toolchain/bin/../lib/gcc/avr/5.4.0/../../../../avr/lib/avr5\libc.a(malloc.o)
                0x00004c1a                malloc
                0x00004d4a                free
 .text.avr-libc
                0x00004e5c       0x12 c:/program files (x86)/atmel/studio/7.0/toolchain/avr8/avr8-gnu-toolchain/bin/../lib/gcc/avr/5.4.0/../../../../avr/lib/avr5\libc.a(memcpy.o)
                0x00004e5c                memcpy
 .text.avr-libc
                0x00004e6e        0xe c:/program files (x86)/atmel/studio/7.0/toolchain/avr8/avr8-gnu-toolchain/bin/../lib/gcc/avr/5.4.0/../../../../avr/lib/avr5\libc.a(memset.o)
                0x00004e6e                memset
 .text.avr-libc
                0x00004e7c       0x44 c:/program files (x86)/atmel/studio/7.0/toolchain/avr8/avr8-gnu-toolchain/bin/../lib/gcc/avr/5.4.0/../../../../avr/lib/avr5\libc.a(sprintf.o)
                0x00004e7c                sprintf
 .text.avr-libc
                0x00004ec0      0x3c2 c:/program files (x86)/atmel/studio/7.0/toolchain/avr8/avr8-gnu-toolchain/bin/../lib/gcc/avr/5.4.0/../../../../avr/lib/avr5\libc.a(vfprintf_std.o)
                0x00004ec0                vfprintf
 .text.avr-libc
                0x00005282       0x16 c:/program files (x86)/atmel/studio/7.0/toolchain/avr8/avr8-gnu-toolchain/bin/../lib/gcc/avr/5.4.0/../../../../avr/lib/avr5\libc.a(strnlen_P.o)
                0x00005282                strnlen_P
 .text.avr-libc
                0x00005298       0x16 c:/program files (x86)/atmel/studio/7.0/toolchain/avr8/avr8-gnu-toolchain/bin/../lib/gcc/avr/5.4.0/../../../../avr/lib/avr5\libc.a(strnlen.o)
                0x00005298                strnlen
 .text.avr-libc
                0x000052ae       0x78 c:/program files (x86)/atmel/studio/7.0/toolchain/avr8/avr8-gnu-toolchain/bin/../lib/gcc/avr/5.4.0/../../../../avr/lib/avr5\libc.a(fputc.o)
                0x000052ae                fputc
 .text.avr-libc
                0x00005326       0xbc c:/program files (x86)/atmel/studio/7.0/toolchain/avr8/avr8-gnu-toolchain/bin/../lib/gcc/avr/5.4.0/../../../../avr/lib/avr5\libc.a(ultoa_invert.o)
                0x00005326                __ultoa_invert
 .text.libgcc.prologue
                0x000053e2       0x38 c:/program files (x86)/atmel/studio/7.0/toolchain/avr8/avr8-gnu-toolchain/bin/../lib/gcc/avr/5.4.0/avr5\libgcc.a(_prologue.o)
                0x000053e2                __prologue_saves__
 .text.libgcc.prologue
                0x0000541a       0x36 c:/program files (x86)/atmel/studio/7.0/toolchain/avr8/avr8-gnu-toolchain/bin/../lib/gcc/avr/5.4.0/avr5\libgcc.a(_epilogue.o)
                0x0000541a                __epilogue_restores__
                0x00005450                . = ALIGN (0x2)
 *(.fini9)
 .fini9         0x00005450        0x0 c:/program files (x86)/atmel/studio/7.0/toolchain/avr8/avr8-gnu-toolchain/bin/../lib/gcc/avr/5.4.0/avr5\libgcc.a(_exit.o)
                0x00005450                _exit
                0x00005450                exit
 *(.fini9)
 *(.fini8)
 *(.fini8)
 *(.fini7)
 *(.fini7)
 *(.fini6)
 *(.fini6)
 *(.fini5)
 *(.fini5)
 *(.fini4)
 *(.fini4)
 *(.fini3)
 *(.fini3)
 *(.fini2)
 *(.fini2)
 *(.fini1)
 *(.fini1)
 *(.fini0)
 .fini0         0x00005450        0x4 c:/program files (x86)/atmel/studio/7.0/toolchain/avr8/avr8-gnu-toolchain/bin/../lib/gcc/avr/5.4.0/avr5\libgcc.a(_exit.o)
 *(.fini0)
                0x00005454                _etext = .

.data           0x00800100       0xc6 load address 0x00005454
                0x00800100                PROVIDE (__data_start, .)
 *(.data)
 .data          0x00800100        0x6 c:/program files (x86)/atmel/studio/7.0/toolchain/avr8/avr8-gnu-toolchain/bin/../lib/gcc/avr/5.4.0/../../../../avr/lib/avr5\libc.a(malloc.o)
                0x00800100                __malloc_heap_end
                0x00800102                __malloc_heap_start
                0x00800104                __malloc_margin
 *(.data*)
 .data.bufferState
                0x00800106        0x1 IR_NEC.o
 .data.vol2temp
                0x00800107       0x11 menu.o
                0x00800107                vol2temp
 .data.cancionDisp
                0x00800118       0x1e menu.o
                0x00800118                cancionDisp
 .data.reproduc1
                0x00800136       0x11 menu.o
                0x00800136                reproduc1
 .data.principal1
                0x00800147       0x11 menu.o
                0x00800147                principal1
 .data.uxTopUsedPriority
                0x00800158        0x1 tasks.o
                0x00800158                uxTopUsedPriority
 *(.gnu.linkonce.d*)
 *(.rodata)
 .rodata        0x00800159       0x12 menu.o
 *(.rodata*)
 .rodata.str1.1
                0x0080016b       0x18 main.o
 .rodata.str1.1
                0x00800183       0x35 menu.o
 .rodata.str1.1
                0x008001b8        0x5 tasks.o
 .rodata.str1.1
                0x008001bd        0x8 timers.o
 *(.gnu.linkonce.r*)
                0x008001c6                . = ALIGN (0x2)
 *fill*         0x008001c5        0x1 
                0x008001c6                _edata = .
                0x008001c6                PROVIDE (__data_end, .)

.bss            0x008001c6      0x141
                0x008001c6                PROVIDE (__bss_start, .)
 *(.bss)
 *(.bss*)
 .bss.TxBuffer  0x008001c6        0xa DFPLAYER.o
 .bss.RxBuffer  0x008001d0        0xa DFPLAYER.o
 .bss.repeatCode.1858
                0x008001da        0x1 IR_NEC.o
 .bss.ovfCounter
                0x008001db        0x1 IR_NEC.o
 .bss.captureState
                0x008001dc        0x1 IR_NEC.o
 .bss.bufferIndex
                0x008001dd        0x1 IR_NEC.o
 .bss.pulseBuffer
                0x008001de       0x20 IR_NEC.o
 .bss.repDisCmds
                0x008001fe        0x2 IR_NEC.o
 .bss.repDisCmdsCount
                0x00800200        0x1 IR_NEC.o
 .bss.ovfsTimeout
                0x00800201        0x1 IR_NEC.o
 .bss.contador  0x00800202        0x1 main.o
                0x00800202                contador
 .bss.uxSchedulerSuspended
                0x00800203        0x1 tasks.o
 .bss.xIdleTaskHandle
                0x00800204        0x2 tasks.o
 .bss.xNextTaskUnblockTime
                0x00800206        0x2 tasks.o
 .bss.uxTaskNumber
                0x00800208        0x1 tasks.o
 .bss.xNumOfOverflows
                0x00800209        0x1 tasks.o
 .bss.xYieldPending
                0x0080020a        0x1 tasks.o
 .bss.xPendedTicks
                0x0080020b        0x2 tasks.o
 .bss.xSchedulerRunning
                0x0080020d        0x1 tasks.o
 .bss.uxTopReadyPriority
                0x0080020e        0x1 tasks.o
 .bss.xTickCount
                0x0080020f        0x2 tasks.o
 .bss.uxCurrentNumberOfTasks
                0x00800211        0x1 tasks.o
 .bss.xSuspendedTaskList
                0x00800212        0x9 tasks.o
 .bss.uxDeletedTasksWaitingCleanUp
                0x0080021b        0x1 tasks.o
 .bss.xTasksWaitingTermination
                0x0080021c        0x9 tasks.o
 .bss.xPendingReadyList
                0x00800225        0x9 tasks.o
 .bss.pxOverflowDelayedTaskList
                0x0080022e        0x2 tasks.o
 .bss.pxDelayedTaskList
                0x00800230        0x2 tasks.o
 .bss.xDelayedTaskList2
                0x00800232        0x9 tasks.o
 .bss.xDelayedTaskList1
                0x0080023b        0x9 tasks.o
 .bss.pxReadyTasksLists
                0x00800244       0x24 tasks.o
 .bss.pxCurrentTCB
                0x00800268        0x2 tasks.o
                0x00800268                pxCurrentTCB
 .bss.xLastTime.2411
                0x0080026a        0x2 timers.o
 .bss.xTimerTaskHandle
                0x0080026c        0x2 timers.o
 .bss.xTimerQueue
                0x0080026e        0x2 timers.o
 .bss.pxOverflowTimerList
                0x00800270        0x2 timers.o
 .bss.pxCurrentTimerList
                0x00800272        0x2 timers.o
 .bss.xActiveTimerList2
                0x00800274        0x9 timers.o
 .bss.xActiveTimerList1
                0x0080027d        0x9 timers.o
 *(COMMON)
 COMMON         0x00800286        0xe DFPLAYER.o
                0x00800286                DFPlayerInfo
 COMMON         0x00800294        0x1 dfplayerKE.o
                0x00800294                eq_sel
 COMMON         0x00800295        0x2 IR_NEC.o
                0x00800295                IR
 COMMON         0x00800297       0x15 main.o
                0x00800297                info
                0x008002a7                retorno
                0x008002a9                botonRead
 COMMON         0x008002ac        0xa menu.o
                0x008002ac                menuInfo
 COMMON         0x008002b6       0x4b neopixelKE.o
                0x008002b6                np_info
                0x008002e9                colores
 COMMON         0x00800301        0x2 rtcKE.o
                0x00800301                semana
                0x00800302                segundo
 COMMON         0x00800303        0x4 c:/program files (x86)/atmel/studio/7.0/toolchain/avr8/avr8-gnu-toolchain/bin/../lib/gcc/avr/5.4.0/../../../../avr/lib/avr5\libc.a(malloc.o)
                0x00800303                __brkval
                0x00800305                __flp
                0x00800307                PROVIDE (__bss_end, .)
                0x00005454                __data_load_start = LOADADDR (.data)
                0x0000551a                __data_load_end = (__data_load_start + SIZEOF (.data))

.noinit         0x00800307        0x0
                [!provide]                PROVIDE (__noinit_start, .)
 *(.noinit*)
                [!provide]                PROVIDE (__noinit_end, .)
                0x00800307                _end = .
                0x00800307                PROVIDE (__heap_start, .)

.eeprom         0x00810000        0x0
 *(.eeprom*)
                0x00810000                __eeprom_end = .

.fuse
 *(.fuse)
 *(.lfuse)
 *(.hfuse)
 *(.efuse)

.lock
 *(.lock*)

.signature
 *(.signature*)

.user_signatures
 *(.user_signatures*)

.stab
 *(.stab)

.stabstr
 *(.stabstr)

.stab.excl
 *(.stab.excl)

.stab.exclstr
 *(.stab.exclstr)

.stab.index
 *(.stab.index)

.stab.indexstr
 *(.stab.indexstr)

.comment        0x00000000       0x5c
 *(.comment)
 .comment       0x00000000       0x30 botones.o
                                 0x31 (size before relaxing)
 .comment       0x00000030       0x31 DFPLAYER.o
 .comment       0x00000030       0x31 dfplayerKE.o
 .comment       0x00000030       0x31 heap_3.o
 .comment       0x00000030       0x31 hooks.o
 .comment       0x00000030       0x31 I2C_Master_C_file.o
 .comment       0x00000030       0x31 IR_NEC.o
 .comment       0x00000030       0x31 light_ws2812.o
 .comment       0x00000030       0x31 liquid_crystal_i2c.o
 .comment       0x00000030       0x31 list.o
 .comment       0x00000030       0x31 main.o
 .comment       0x00000030       0x31 menu.o
 .comment       0x00000030       0x31 neopixelKE.o
 .comment       0x00000030       0x31 port.o
 .comment       0x00000030       0x31 queue.o
 .comment       0x00000030       0x31 rtcKE.o
 .comment       0x00000030       0x31 tasks.o
 .comment       0x00000030       0x31 timers.o
 .comment       0x00000030       0x31 uart.o
 .comment       0x00000030       0x31 uartAT16.o
 .comment       0x00000030       0x31 c:/program files (x86)/atmel/studio/7.0/toolchain/avr8/avr8-gnu-toolchain/bin/../lib/gcc/avr/5.4.0/../../../../avr/lib/avr5\libc.a(malloc.o)
 .comment       0x00000030       0x31 c:/program files (x86)/atmel/studio/7.0/toolchain/avr8/avr8-gnu-toolchain/bin/../lib/gcc/avr/5.4.0/../../../../avr/lib/avr5\libc.a(sprintf.o)
 .comment       0x00000030       0x2c c:/program files (x86)/atmel/studio/7.0/toolchain/avr8/avr8-gnu-toolchain/bin/../lib/gcc/avr/5.4.0/../../../../avr/lib/avr5\libc.a(vfprintf_std.o)
                                 0x2d (size before relaxing)
 .comment       0x0000005c       0x31 c:/program files (x86)/atmel/studio/7.0/toolchain/avr8/avr8-gnu-toolchain/bin/../lib/gcc/avr/5.4.0/../../../../avr/lib/avr5\libc.a(fputc.o)

.note.gnu.avr.deviceinfo
                0x00000000       0x40
 .note.gnu.avr.deviceinfo
                0x00000000       0x40 C:/Program Files (x86)/Atmel/Studio/7.0/Packs/atmel/ATmega_DFP/1.6.364/gcc/dev/atmega328p/avr5/crtatmega328p.o

.note.gnu.build-id
 *(.note.gnu.build-id)

.debug
 *(.debug)

.line
 *(.line)

.debug_srcinfo
 *(.debug_srcinfo)

.debug_sfnames
 *(.debug_sfnames)

.debug_aranges  0x00000000      0xa20
 *(.debug_aranges)
 .debug_aranges
                0x00000000       0x30 botones.o
 .debug_aranges
                0x00000030      0x158 DFPLAYER.o
 .debug_aranges
                0x00000188       0x58 dfplayerKE.o
 .debug_aranges
                0x000001e0       0x28 heap_3.o
 .debug_aranges
                0x00000208       0x28 hooks.o
 .debug_aranges
                0x00000230       0x68 I2C_Master_C_file.o
 .debug_aranges
                0x00000298       0x58 IR_NEC.o
 .debug_aranges
                0x000002f0       0x48 light_ws2812.o
 .debug_aranges
                0x00000338       0xe0 liquid_crystal_i2c.o
 .debug_aranges
                0x00000418       0x40 list.o
 .debug_aranges
                0x00000458       0x58 main.o
 .debug_aranges
                0x000004b0       0x48 menu.o
 .debug_aranges
                0x000004f8       0x48 neopixelKE.o
 .debug_aranges
                0x00000540       0x58 port.o
 .debug_aranges
                0x00000598      0x100 queue.o
 .debug_aranges
                0x00000698       0x48 rtcKE.o
 .debug_aranges
                0x000006e0      0x1d0 tasks.o
 .debug_aranges
                0x000008b0       0xd0 timers.o
 .debug_aranges
                0x00000980       0x50 uart.o
 .debug_aranges
                0x000009d0       0x50 uartAT16.o

.debug_pubnames
 *(.debug_pubnames)

.debug_info     0x00000000     0xc0b9
 *(.debug_info .gnu.linkonce.wi.*)
 .debug_info    0x00000000      0x5f4 C:/Program Files (x86)/Atmel/Studio/7.0/Packs/atmel/ATmega_DFP/1.6.364/gcc/dev/atmega328p/avr5/crtatmega328p.o
 .debug_info    0x000005f4      0x329 botones.o
 .debug_info    0x0000091d      0xd39 DFPLAYER.o
 .debug_info    0x00001656      0x94f dfplayerKE.o
 .debug_info    0x00001fa5      0x171 heap_3.o
 .debug_info    0x00002116      0x25a hooks.o
 .debug_info    0x00002370      0x292 I2C_Master_C_file.o
 .debug_info    0x00002602      0x5ed IR_NEC.o
 .debug_info    0x00002bef      0x58f light_ws2812.o
 .debug_info    0x0000317e      0xcf6 liquid_crystal_i2c.o
 .debug_info    0x00003e74      0x2e3 list.o
 .debug_info    0x00004157      0xa01 main.o
 .debug_info    0x00004b58     0x1881 menu.o
 .debug_info    0x000063d9      0x5b3 neopixelKE.o
 .debug_info    0x0000698c      0x2c0 port.o
 .debug_info    0x00006c4c     0x184d queue.o
 .debug_info    0x00008499      0x475 rtcKE.o
 .debug_info    0x0000890e     0x21e3 tasks.o
 .debug_info    0x0000aaf1      0xfec timers.o
 .debug_info    0x0000badd      0x3b1 uart.o
 .debug_info    0x0000be8e      0x22b uartAT16.o

.debug_abbrev   0x00000000     0x2808
 *(.debug_abbrev)
 .debug_abbrev  0x00000000      0x5a2 C:/Program Files (x86)/Atmel/Studio/7.0/Packs/atmel/ATmega_DFP/1.6.364/gcc/dev/atmega328p/avr5/crtatmega328p.o
 .debug_abbrev  0x000005a2      0x176 botones.o
 .debug_abbrev  0x00000718      0x233 DFPLAYER.o
 .debug_abbrev  0x0000094b      0x1c2 dfplayerKE.o
 .debug_abbrev  0x00000b0d       0xd9 heap_3.o
 .debug_abbrev  0x00000be6      0x176 hooks.o
 .debug_abbrev  0x00000d5c      0x108 I2C_Master_C_file.o
 .debug_abbrev  0x00000e64      0x270 IR_NEC.o
 .debug_abbrev  0x000010d4      0x185 light_ws2812.o
 .debug_abbrev  0x00001259      0x1d4 liquid_crystal_i2c.o
 .debug_abbrev  0x0000142d       0xff list.o
 .debug_abbrev  0x0000152c      0x20e main.o
 .debug_abbrev  0x0000173a      0x24d menu.o
 .debug_abbrev  0x00001987      0x160 neopixelKE.o
 .debug_abbrev  0x00001ae7      0x161 port.o
 .debug_abbrev  0x00001c48      0x241 queue.o
 .debug_abbrev  0x00001e89      0x133 rtcKE.o
 .debug_abbrev  0x00001fbc      0x2c8 tasks.o
 .debug_abbrev  0x00002284      0x27f timers.o
 .debug_abbrev  0x00002503      0x1c0 uart.o
 .debug_abbrev  0x000026c3      0x145 uartAT16.o

.debug_line     0x00000000     0x6991
 *(.debug_line .debug_line.* .debug_line_end)
 .debug_line    0x00000000      0x134 C:/Program Files (x86)/Atmel/Studio/7.0/Packs/atmel/ATmega_DFP/1.6.364/gcc/dev/atmega328p/avr5/crtatmega328p.o
 .debug_line    0x00000134      0x1d7 botones.o
 .debug_line    0x0000030b      0x6d4 DFPLAYER.o
 .debug_line    0x000009df      0x55d dfplayerKE.o
 .debug_line    0x00000f3c      0x15e heap_3.o
 .debug_line    0x0000109a      0x242 hooks.o
 .debug_line    0x000012dc      0x389 I2C_Master_C_file.o
 .debug_line    0x00001665      0x4dd IR_NEC.o
 .debug_line    0x00001b42      0x331 light_ws2812.o
 .debug_line    0x00001e73      0x541 liquid_crystal_i2c.o
 .debug_line    0x000023b4      0x1d0 list.o
 .debug_line    0x00002584      0x41b main.o
 .debug_line    0x0000299f      0xbd7 menu.o
 .debug_line    0x00003576      0x3bf neopixelKE.o
 .debug_line    0x00003935      0x26d port.o
 .debug_line    0x00003ba2      0xc71 queue.o
 .debug_line    0x00004813      0x201 rtcKE.o
 .debug_line    0x00004a14     0x1588 tasks.o
 .debug_line    0x00005f9c      0x5fa timers.o
 .debug_line    0x00006596      0x234 uart.o
 .debug_line    0x000067ca      0x1c7 uartAT16.o

.debug_frame    0x00000000     0x1c98
 *(.debug_frame)
 .debug_frame   0x00000000       0x58 botones.o
 .debug_frame   0x00000058      0x2ac DFPLAYER.o
 .debug_frame   0x00000304      0x100 dfplayerKE.o
 .debug_frame   0x00000404       0x4c heap_3.o
 .debug_frame   0x00000450       0x48 hooks.o
 .debug_frame   0x00000498       0xc4 I2C_Master_C_file.o
 .debug_frame   0x0000055c      0x138 IR_NEC.o
 .debug_frame   0x00000694       0x80 light_ws2812.o
 .debug_frame   0x00000714      0x23c liquid_crystal_i2c.o
 .debug_frame   0x00000950       0x88 list.o
 .debug_frame   0x000009d8       0xfc main.o
 .debug_frame   0x00000ad4       0xf4 menu.o
 .debug_frame   0x00000bc8       0xa4 neopixelKE.o
 .debug_frame   0x00000c6c       0x94 port.o
 .debug_frame   0x00000d00      0x3ac queue.o
 .debug_frame   0x000010ac       0xac rtcKE.o
 .debug_frame   0x00001158      0x6cc tasks.o
 .debug_frame   0x00001824      0x2ec timers.o
 .debug_frame   0x00001b10       0xb4 uart.o
 .debug_frame   0x00001bc4       0xd4 uartAT16.o

.debug_str      0x00000000     0x2c66
 *(.debug_str)
 .debug_str     0x00000000      0x208 C:/Program Files (x86)/Atmel/Studio/7.0/Packs/atmel/ATmega_DFP/1.6.364/gcc/dev/atmega328p/avr5/crtatmega328p.o
 .debug_str     0x00000208      0x28d botones.o
                                0x2c6 (size before relaxing)
 .debug_str     0x00000495      0x3f3 DFPLAYER.o
                                0x602 (size before relaxing)
 .debug_str     0x00000888       0xa1 dfplayerKE.o
                                0x486 (size before relaxing)
 .debug_str     0x00000929       0x6c heap_3.o
                                0x1df (size before relaxing)
 .debug_str     0x00000995       0x99 hooks.o
                                0x268 (size before relaxing)
 .debug_str     0x00000a2e       0xcd I2C_Master_C_file.o
                                0x24c (size before relaxing)
 .debug_str     0x00000afb      0x2a6 IR_NEC.o
                                0x448 (size before relaxing)
 .debug_str     0x00000da1       0xe7 light_ws2812.o
                                0x2b4 (size before relaxing)
 .debug_str     0x00000e88      0x258 liquid_crystal_i2c.o
                                0x468 (size before relaxing)
 .debug_str     0x000010e0      0x140 list.o
                                0x2ca (size before relaxing)
 .debug_str     0x00001220      0x108 main.o
                                0x40d (size before relaxing)
 .debug_str     0x00001328      0x1f6 menu.o
                                0x52c (size before relaxing)
 .debug_str     0x0000151e       0xd1 neopixelKE.o
                                0x324 (size before relaxing)
 .debug_str     0x000015ef      0x123 port.o
                                0x2cc (size before relaxing)
 .debug_str     0x00001712      0x687 queue.o
                                0x983 (size before relaxing)
 .debug_str     0x00001d99       0x8e rtcKE.o
                                0x305 (size before relaxing)
 .debug_str     0x00001e27      0x981 tasks.o
                                0xf46 (size before relaxing)
 .debug_str     0x000027a8      0x411 timers.o
                                0x842 (size before relaxing)
 .debug_str     0x00002bb9       0x5f uart.o
                                0x25e (size before relaxing)
 .debug_str     0x00002c18       0x4e uartAT16.o
                                0x209 (size before relaxing)

.debug_loc      0x00000000     0xa400
 *(.debug_loc)
 .debug_loc     0x00000000      0x162 botones.o
 .debug_loc     0x00000162      0x580 DFPLAYER.o
 .debug_loc     0x000006e2      0x69a dfplayerKE.o
 .debug_loc     0x00000d7c      0x102 heap_3.o
 .debug_loc     0x00000e7e       0xbf hooks.o
 .debug_loc     0x00000f3d      0x2dd I2C_Master_C_file.o
 .debug_loc     0x0000121a      0x4ec IR_NEC.o
 .debug_loc     0x00001706      0x7f2 light_ws2812.o
 .debug_loc     0x00001ef8      0xb78 liquid_crystal_i2c.o
 .debug_loc     0x00002a70      0x145 list.o
 .debug_loc     0x00002bb5      0x21f main.o
 .debug_loc     0x00002dd4     0x151c menu.o
 .debug_loc     0x000042f0      0x327 neopixelKE.o
 .debug_loc     0x00004617       0xcf port.o
 .debug_loc     0x000046e6     0x1d8d queue.o
 .debug_loc     0x00006473      0x2d7 rtcKE.o
 .debug_loc     0x0000674a     0x27d0 tasks.o
 .debug_loc     0x00008f1a      0xf0b timers.o
 .debug_loc     0x00009e25      0x310 uart.o
 .debug_loc     0x0000a135      0x2cb uartAT16.o

.debug_macinfo
 *(.debug_macinfo)

.debug_weaknames
 *(.debug_weaknames)

.debug_funcnames
 *(.debug_funcnames)

.debug_typenames
 *(.debug_typenames)

.debug_varnames
 *(.debug_varnames)

.debug_pubtypes
 *(.debug_pubtypes)

.debug_ranges   0x00000000      0xb48
 *(.debug_ranges)
 .debug_ranges  0x00000000       0x20 botones.o
 .debug_ranges  0x00000020      0x148 DFPLAYER.o
 .debug_ranges  0x00000168       0x48 dfplayerKE.o
 .debug_ranges  0x000001b0       0x18 heap_3.o
 .debug_ranges  0x000001c8       0x18 hooks.o
 .debug_ranges  0x000001e0       0x58 I2C_Master_C_file.o
 .debug_ranges  0x00000238       0xa8 IR_NEC.o
 .debug_ranges  0x000002e0       0x38 light_ws2812.o
 .debug_ranges  0x00000318       0xd0 liquid_crystal_i2c.o
 .debug_ranges  0x000003e8       0x30 list.o
 .debug_ranges  0x00000418       0x48 main.o
 .debug_ranges  0x00000460      0x1b8 menu.o
 .debug_ranges  0x00000618       0x38 neopixelKE.o
 .debug_ranges  0x00000650       0x48 port.o
 .debug_ranges  0x00000698      0x138 queue.o
 .debug_ranges  0x000007d0       0x38 rtcKE.o
 .debug_ranges  0x00000808      0x200 tasks.o
 .debug_ranges  0x00000a08       0xc0 timers.o
 .debug_ranges  0x00000ac8       0x40 uart.o
 .debug_ranges  0x00000b08       0x40 uartAT16.o

.debug_macro
 *(.debug_macro)
OUTPUT(nomearrepentire.elf elf32-avr)
LOAD linker stubs
